// Jest Snapshot v1, https://goo.gl/fbAQLP
exports[`testing the <QuestionComponent> renders correctly 1`] = `
<Text
  accessible={true}
  allowFontScaling={true}
  ellipsizeMode="tail"
>
  Question
</Text>
`;
