// Jest Snapshot v1, https://goo.gl/fbAQLP

exports[`testing the <StartPageComponent> renders correctly 1`] = `
<Component
  style={
    Object {
      "alignItems": "center",
      "backgroundColor": "#F5FCFF",
      "flex": 1,
      "justifyContent": "center",
    }
  }
>
  <Button
    onPress={[Function]}
    title="Start Game"
  />
</Component>
`;
